Distributor ID:	Ubuntu
Description:	Ubuntu 14.04.3 LTS
Release:	14.04
Codename:	trusty
